// Jest Snapshot v1, https://goo.gl/fbAQLP

exports[`MovTable component should render loader 1`] = `
<View
  style={
    {
      "backgroundColor": "#fff",
      "borderRadius": 10,
      "maxHeight": 350,
      "paddingBottom": 20,
      "paddingLeft": 10,
      "paddingRight": 10,
      "paddingTop": 20,
      "width": "100%",
    }
  }
>
  <RCTScrollView>
    <View>
      <ActivityIndicator
        color="#334FFA"
        size="large"
      />
    </View>
  </RCTScrollView>
</View>
`;

exports[`MovTable component should render successfully with mock movements 1`] = `
<View
  style={
    {
      "backgroundColor": "#fff",
      "borderRadius": 10,
      "maxHeight": 350,
      "paddingBottom": 20,
      "paddingLeft": 10,
      "paddingRight": 10,
      "paddingTop": 20,
      "width": "100%",
    }
  }
>
  <RCTScrollView>
    <View>
      <View
        accessibilityState={
          {
            "busy": undefined,
            "checked": undefined,
            "disabled": undefined,
            "expanded": undefined,
            "selected": undefined,
          }
        }
        accessibilityValue={
          {
            "max": undefined,
            "min": undefined,
            "now": undefined,
            "text": undefined,
          }
        }
        accessible={true}
        collapsable={false}
        focusable={true}
        onClick={[Function]}
        onResponderGrant={[Function]}
        onResponderMove={[Function]}
        onResponderRelease={[Function]}
        onResponderTerminate={[Function]}
        onResponderTerminationRequest={[Function]}
        onStartShouldSetResponder={[Function]}
        style={
          {
            "opacity": 1,
          }
        }
        testID="touchableProduct"
      >
        <View
          style={
            {
              "flexDirection": "row",
              "justifyContent": "space-between",
              "marginBottom": 8,
              "width": "100%",
            }
          }
        >
          <Image
            source={
              {
                "uri": "https://loremflickr.com/640/480/transport",
              }
            }
            style={
              {
                "borderRadius": 10,
                "height": 55,
                "width": 55,
              }
            }
          />
          <View
            style={
              {
                "marginLeft": 12,
                "width": 200,
              }
            }
          >
            <Text
              style={
                [
                  {
                    "color": "#9B9898",
                    "fontFamily": "Avenir",
                    "fontSize": 14,
                    "fontStyle": "normal",
                    "fontWeight": "800",
                    "lineHeight": 19,
                  },
                  {
                    "color": "#000",
                    "marginVertical": 5,
                  },
                ]
              }
            >
              Handmade Metal Shoes
            </Text>
            <Text
              style={
                [
                  {
                    "color": "#000",
                    "fontFamily": "Avenir",
                    "fontSize": 12,
                    "fontStyle": "normal",
                    "fontWeight": "400",
                    "lineHeight": 16,
                  },
                  {
                    "marginTop": 2,
                  },
                ]
              }
            >
              09 de Diciembre, 2022
            </Text>
          </View>
          <View
            style={
              {
                "alignItems": "center",
                "flexDirection": "row",
              }
            }
          >
            <Text
              style={
                [
                  {
                    "color": "#FFF",
                    "fontFamily": "Avenir",
                    "fontSize": 16,
                    "fontStyle": "normal",
                    "fontWeight": "800",
                    "lineHeight": 22,
                  },
                  {
                    "color": "#00B833",
                  },
                ]
              }
            >
              +
            </Text>
            <Text
              style={
                [
                  {
                    "color": "#FFF",
                    "fontFamily": "Avenir",
                    "fontSize": 16,
                    "fontStyle": "normal",
                    "fontWeight": "800",
                    "lineHeight": 22,
                  },
                  {
                    "color": "#000",
                  },
                ]
              }
            >
              16434
            </Text>
            <View
              style={
                {
                  "alignItems": "flex-end",
                  "justifyContent": "center",
                }
              }
            >
              <Text
                style={
                  [
                    {
                      "color": "#FFF",
                      "fontFamily": "Avenir",
                      "fontSize": 16,
                      "fontStyle": "normal",
                      "fontWeight": "800",
                      "lineHeight": 22,
                    },
                    {
                      "color": "#000",
                      "marginLeft": 8,
                    },
                  ]
                }
              >
                &gt;
              </Text>
            </View>
          </View>
        </View>
      </View>
      <View
        accessibilityState={
          {
            "busy": undefined,
            "checked": undefined,
            "disabled": undefined,
            "expanded": undefined,
            "selected": undefined,
          }
        }
        accessibilityValue={
          {
            "max": undefined,
            "min": undefined,
            "now": undefined,
            "text": undefined,
          }
        }
        accessible={true}
        collapsable={false}
        focusable={true}
        onClick={[Function]}
        onResponderGrant={[Function]}
        onResponderMove={[Function]}
        onResponderRelease={[Function]}
        onResponderTerminate={[Function]}
        onResponderTerminationRequest={[Function]}
        onStartShouldSetResponder={[Function]}
        style={
          {
            "opacity": 1,
          }
        }
        testID="touchableProduct"
      >
        <View
          style={
            {
              "flexDirection": "row",
              "justifyContent": "space-between",
              "marginBottom": 8,
              "width": "100%",
            }
          }
        >
          <Image
            source={
              {
                "uri": "https://loremflickr.com/640/480/technics",
              }
            }
            style={
              {
                "borderRadius": 10,
                "height": 55,
                "width": 55,
              }
            }
          />
          <View
            style={
              {
                "marginLeft": 12,
                "width": 200,
              }
            }
          >
            <Text
              style={
                [
                  {
                    "color": "#9B9898",
                    "fontFamily": "Avenir",
                    "fontSize": 14,
                    "fontStyle": "normal",
                    "fontWeight": "800",
                    "lineHeight": 19,
                  },
                  {
                    "color": "#000",
                    "marginVertical": 5,
                  },
                ]
              }
            >
              Recycled Plastic Tuna
            </Text>
            <Text
              style={
                [
                  {
                    "color": "#000",
                    "fontFamily": "Avenir",
                    "fontSize": 12,
                    "fontStyle": "normal",
                    "fontWeight": "400",
                    "lineHeight": 16,
                  },
                  {
                    "marginTop": 2,
                  },
                ]
              }
            >
              09 de Diciembre, 2022
            </Text>
          </View>
          <View
            style={
              {
                "alignItems": "center",
                "flexDirection": "row",
              }
            }
          >
            <Text
              style={
                [
                  {
                    "color": "#FFF",
                    "fontFamily": "Avenir",
                    "fontSize": 16,
                    "fontStyle": "normal",
                    "fontWeight": "800",
                    "lineHeight": 22,
                  },
                  {
                    "color": "#FF0000",
                  },
                ]
              }
            >
              -
            </Text>
            <Text
              style={
                [
                  {
                    "color": "#FFF",
                    "fontFamily": "Avenir",
                    "fontSize": 16,
                    "fontStyle": "normal",
                    "fontWeight": "800",
                    "lineHeight": 22,
                  },
                  {
                    "color": "#000",
                  },
                ]
              }
            >
              92984
            </Text>
            <View
              style={
                {
                  "alignItems": "flex-end",
                  "justifyContent": "center",
                }
              }
            >
              <Text
                style={
                  [
                    {
                      "color": "#FFF",
                      "fontFamily": "Avenir",
                      "fontSize": 16,
                      "fontStyle": "normal",
                      "fontWeight": "800",
                      "lineHeight": 22,
                    },
                    {
                      "color": "#000",
                      "marginLeft": 8,
                    },
                  ]
                }
              >
                &gt;
              </Text>
            </View>
          </View>
        </View>
      </View>
      <View
        accessibilityState={
          {
            "busy": undefined,
            "checked": undefined,
            "disabled": undefined,
            "expanded": undefined,
            "selected": undefined,
          }
        }
        accessibilityValue={
          {
            "max": undefined,
            "min": undefined,
            "now": undefined,
            "text": undefined,
          }
        }
        accessible={true}
        collapsable={false}
        focusable={true}
        onClick={[Function]}
        onResponderGrant={[Function]}
        onResponderMove={[Function]}
        onResponderRelease={[Function]}
        onResponderTerminate={[Function]}
        onResponderTerminationRequest={[Function]}
        onStartShouldSetResponder={[Function]}
        style={
          {
            "opacity": 1,
          }
        }
        testID="touchableProduct"
      >
        <View
          style={
            {
              "flexDirection": "row",
              "justifyContent": "space-between",
              "marginBottom": 8,
              "width": "100%",
            }
          }
        >
          <Image
            source={
              {
                "uri": "https://loremflickr.com/640/480/technics",
              }
            }
            style={
              {
                "borderRadius": 10,
                "height": 55,
                "width": 55,
              }
            }
          />
          <View
            style={
              {
                "marginLeft": 12,
                "width": 200,
              }
            }
          >
            <Text
              style={
                [
                  {
                    "color": "#9B9898",
                    "fontFamily": "Avenir",
                    "fontSize": 14,
                    "fontStyle": "normal",
                    "fontWeight": "800",
                    "lineHeight": 19,
                  },
                  {
                    "color": "#000",
                    "marginVertical": 5,
                  },
                ]
              }
            >
              Fantastic Granite Bacon
            </Text>
            <Text
              style={
                [
                  {
                    "color": "#000",
                    "fontFamily": "Avenir",
                    "fontSize": 12,
                    "fontStyle": "normal",
                    "fontWeight": "400",
                    "lineHeight": 16,
                  },
                  {
                    "marginTop": 2,
                  },
                ]
              }
            >
              09 de Diciembre, 2022
            </Text>
          </View>
          <View
            style={
              {
                "alignItems": "center",
                "flexDirection": "row",
              }
            }
          >
            <Text
              style={
                [
                  {
                    "color": "#FFF",
                    "fontFamily": "Avenir",
                    "fontSize": 16,
                    "fontStyle": "normal",
                    "fontWeight": "800",
                    "lineHeight": 22,
                  },
                  {
                    "color": "#00B833",
                  },
                ]
              }
            >
              +
            </Text>
            <Text
              style={
                [
                  {
                    "color": "#FFF",
                    "fontFamily": "Avenir",
                    "fontSize": 16,
                    "fontStyle": "normal",
                    "fontWeight": "800",
                    "lineHeight": 22,
                  },
                  {
                    "color": "#000",
                  },
                ]
              }
            >
              42416
            </Text>
            <View
              style={
                {
                  "alignItems": "flex-end",
                  "justifyContent": "center",
                }
              }
            >
              <Text
                style={
                  [
                    {
                      "color": "#FFF",
                      "fontFamily": "Avenir",
                      "fontSize": 16,
                      "fontStyle": "normal",
                      "fontWeight": "800",
                      "lineHeight": 22,
                    },
                    {
                      "color": "#000",
                      "marginLeft": 8,
                    },
                  ]
                }
              >
                &gt;
              </Text>
            </View>
          </View>
        </View>
      </View>
      <View
        accessibilityState={
          {
            "busy": undefined,
            "checked": undefined,
            "disabled": undefined,
            "expanded": undefined,
            "selected": undefined,
          }
        }
        accessibilityValue={
          {
            "max": undefined,
            "min": undefined,
            "now": undefined,
            "text": undefined,
          }
        }
        accessible={true}
        collapsable={false}
        focusable={true}
        onClick={[Function]}
        onResponderGrant={[Function]}
        onResponderMove={[Function]}
        onResponderRelease={[Function]}
        onResponderTerminate={[Function]}
        onResponderTerminationRequest={[Function]}
        onStartShouldSetResponder={[Function]}
        style={
          {
            "opacity": 1,
          }
        }
        testID="touchableProduct"
      >
        <View
          style={
            {
              "flexDirection": "row",
              "justifyContent": "space-between",
              "marginBottom": 8,
              "width": "100%",
            }
          }
        >
          <Image
            source={
              {
                "uri": "https://loremflickr.com/640/480/city",
              }
            }
            style={
              {
                "borderRadius": 10,
                "height": 55,
                "width": 55,
              }
            }
          />
          <View
            style={
              {
                "marginLeft": 12,
                "width": 200,
              }
            }
          >
            <Text
              style={
                [
                  {
                    "color": "#9B9898",
                    "fontFamily": "Avenir",
                    "fontSize": 14,
                    "fontStyle": "normal",
                    "fontWeight": "800",
                    "lineHeight": 19,
                  },
                  {
                    "color": "#000",
                    "marginVertical": 5,
                  },
                ]
              }
            >
              Fantastic Fresh Gloves
            </Text>
            <Text
              style={
                [
                  {
                    "color": "#000",
                    "fontFamily": "Avenir",
                    "fontSize": 12,
                    "fontStyle": "normal",
                    "fontWeight": "400",
                    "lineHeight": 16,
                  },
                  {
                    "marginTop": 2,
                  },
                ]
              }
            >
              09 de Diciembre, 2022
            </Text>
          </View>
          <View
            style={
              {
                "alignItems": "center",
                "flexDirection": "row",
              }
            }
          >
            <Text
              style={
                [
                  {
                    "color": "#FFF",
                    "fontFamily": "Avenir",
                    "fontSize": 16,
                    "fontStyle": "normal",
                    "fontWeight": "800",
                    "lineHeight": 22,
                  },
                  {
                    "color": "#FF0000",
                  },
                ]
              }
            >
              -
            </Text>
            <Text
              style={
                [
                  {
                    "color": "#FFF",
                    "fontFamily": "Avenir",
                    "fontSize": 16,
                    "fontStyle": "normal",
                    "fontWeight": "800",
                    "lineHeight": 22,
                  },
                  {
                    "color": "#000",
                  },
                ]
              }
            >
              23913
            </Text>
            <View
              style={
                {
                  "alignItems": "flex-end",
                  "justifyContent": "center",
                }
              }
            >
              <Text
                style={
                  [
                    {
                      "color": "#FFF",
                      "fontFamily": "Avenir",
                      "fontSize": 16,
                      "fontStyle": "normal",
                      "fontWeight": "800",
                      "lineHeight": 22,
                    },
                    {
                      "color": "#000",
                      "marginLeft": 8,
                    },
                  ]
                }
              >
                &gt;
              </Text>
            </View>
          </View>
        </View>
      </View>
    </View>
  </RCTScrollView>
</View>
`;
