// Jest Snapshot v1, https://goo.gl/fbAQLP

exports[`ProductDetail screen should render successfully with mock params 1`] = `
<RCTScrollView
  contentContainerStyle={
    {
      "padding": 20,
      "width": "100%",
    }
  }
>
  <View>
    <View
      style={{}}
    >
      <Image
        source={
          {
            "uri": "https://loremflickr.com/640/480/transport",
          }
        }
        style={
          {
            "borderRadius": 10,
            "height": 350,
            "width": "100%",
          }
        }
      />
    </View>
    <View
      style={
        {
          "flex": 1,
          "justifyContent": "center",
          "width": "100%",
        }
      }
    >
      <View
        style={
          {
            "alignItems": "flex-start",
            "marginVertical": 20,
            "width": "100%",
          }
        }
      >
        <Text
          style={
            {
              "color": "#9B9898",
              "fontFamily": "Avenir",
              "fontSize": 14,
              "fontStyle": "normal",
              "fontWeight": "800",
              "lineHeight": 19,
            }
          }
        >
          Detalles del producto
        </Text>
      </View>
      <Text
        style={
          [
            {
              "color": "#FFF",
              "fontFamily": "Avenir",
              "fontSize": 16,
              "fontStyle": "normal",
              "fontWeight": "800",
              "lineHeight": 22,
            },
            {
              "color": "#000",
            },
          ]
        }
      >
        Comprado el 
        09 de Diciembre, 2022
      </Text>
      <View
        style={
          {
            "alignItems": "flex-start",
            "marginVertical": 20,
            "width": "100%",
          }
        }
      >
        <Text
          style={
            {
              "color": "#9B9898",
              "fontFamily": "Avenir",
              "fontSize": 14,
              "fontStyle": "normal",
              "fontWeight": "800",
              "lineHeight": 19,
            }
          }
        >
          Con esta compra acumulaste:
        </Text>
      </View>
      <Text
        style={
          [
            {
              "color": "#FFF",
              "fontFamily": "Avenir",
              "fontSize": 16,
              "fontStyle": "normal",
              "fontWeight": "800",
              "lineHeight": 22,
            },
            {
              "color": "#000",
              "fontSize": 24,
              "lineHeight": 33,
            },
          ]
        }
      >
        16434
         puntos
      </Text>
    </View>
    <View
      accessibilityState={
        {
          "busy": undefined,
          "checked": undefined,
          "disabled": undefined,
          "expanded": undefined,
          "selected": undefined,
        }
      }
      accessibilityValue={
        {
          "max": undefined,
          "min": undefined,
          "now": undefined,
          "text": undefined,
        }
      }
      accessible={true}
      collapsable={false}
      focusable={true}
      onClick={[Function]}
      onResponderGrant={[Function]}
      onResponderMove={[Function]}
      onResponderRelease={[Function]}
      onResponderTerminate={[Function]}
      onResponderTerminationRequest={[Function]}
      onStartShouldSetResponder={[Function]}
      style={
        {
          "opacity": 1,
        }
      }
      testID="touchableGoBackTolist"
    >
      <Text
        style={{}}
      >
        Aceptar
      </Text>
    </View>
  </View>
</RCTScrollView>
`;
